
/home/runner/work/exp-measurement-displacement-lvdt-iitkgp/exp-measurement-displacement-lvdt-iitkgp/experiment/simulation/js/LVDT.js
    8:1   warning  '$' is not defined                            no-undef
    9:3   warning  '$' is not defined                            no-undef
   10:5   warning  '$' is not defined                            no-undef
   13:1   warning  '$' is not defined                            no-undef
   14:3   warning  '$' is not defined                            no-undef
   16:5   warning  '$' is not defined                            no-undef
   24:10  warning  'power' is defined but never used             no-unused-vars
   29:1   warning  '$' is not defined                            no-undef
   35:1   warning  '$' is not defined                            no-undef
   42:12  warning  't' is assigned a value but never used        no-unused-vars
   47:1   warning  Mixed spaces and tabs                         no-mixed-spaces-and-tabs
   50:2   warning  Mixed spaces and tabs                         no-mixed-spaces-and-tabs
   61:1   warning  Mixed spaces and tabs                         no-mixed-spaces-and-tabs
   64:2   warning  Mixed spaces and tabs                         no-mixed-spaces-and-tabs
   72:10  warning  'rotategauge' is defined but never used       no-unused-vars
   74:1   warning  Mixed spaces and tabs                         no-mixed-spaces-and-tabs
   75:1   warning  Mixed spaces and tabs                         no-mixed-spaces-and-tabs
   76:3   warning  '$' is not defined                            no-undef
   78:1   warning  Mixed spaces and tabs                         no-mixed-spaces-and-tabs
   81:10  warning  'rotategaugerev' is defined but never used    no-unused-vars
   83:1   warning  Mixed spaces and tabs                         no-mixed-spaces-and-tabs
   84:1   warning  Mixed spaces and tabs                         no-mixed-spaces-and-tabs
   85:3   warning  '$' is not defined                            no-undef
   90:10  warning  'disableB' is defined but never used          no-unused-vars
   91:2   warning  '$' is not defined                            no-undef
  101:10  warning  'cscalePosChng' is defined but never used     no-unused-vars
  106:14  warning  'math' is not defined                         no-undef
  107:13  warning  'math' is not defined                         no-undef
  121:10  warning  'cscalePosChngRev' is defined but never used  no-unused-vars
  126:14  warning  'math' is not defined                         no-undef
  127:13  warning  'math' is not defined                         no-undef
  147:11  warning  'screw_widthincr' is defined but never used   no-unused-vars
  148:1   warning  Mixed spaces and tabs                         no-mixed-spaces-and-tabs
  150:15  warning  'math' is not defined                         no-undef
  153:1   warning  Mixed spaces and tabs                         no-mixed-spaces-and-tabs
  156:11  warning  'screw_widthdecr' is defined but never used   no-unused-vars
  157:1   warning  Mixed spaces and tabs                         no-mixed-spaces-and-tabs
  159:15  warning  'math' is not defined                         no-undef
  167:11  warning  'core_widthincr' is defined but never used    no-unused-vars
  168:1   warning  Mixed spaces and tabs                         no-mixed-spaces-and-tabs
  170:15  warning  'math' is not defined                         no-undef
  173:1   warning  Mixed spaces and tabs                         no-mixed-spaces-and-tabs
  176:11  warning  'core_widthdecr' is defined but never used    no-unused-vars
  177:1   warning  Mixed spaces and tabs                         no-mixed-spaces-and-tabs
  179:15  warning  'math' is not defined                         no-undef
  188:11  warning  'Math_model' is defined but never used        no-unused-vars
  189:1   warning  Mixed spaces and tabs                         no-mixed-spaces-and-tabs
  192:13  warning  'math' is not defined                         no-undef
  193:16  warning  'math' is not defined                         no-undef
  197:14  warning  'math' is not defined                         no-undef
  198:9   warning  'math' is not defined                         no-undef
  198:20  warning  'math' is not defined                         no-undef
  200:17  warning  'math' is not defined                         no-undef
  203:6   warning  'math' is not defined                         no-undef
  203:15  warning  'math' is not defined                         no-undef
  205:50  warning  'math' is not defined                         no-undef
  206:1   warning  Mixed spaces and tabs                         no-mixed-spaces-and-tabs
  222:10  warning  'CreateTable' is defined but never used       no-unused-vars
  256:10  warning  'plot' is defined but never used              no-unused-vars
  309:1   warning  Mixed spaces and tabs                         no-mixed-spaces-and-tabs
  310:1   warning  Mixed spaces and tabs                         no-mixed-spaces-and-tabs
  323:1   warning  Mixed spaces and tabs                         no-mixed-spaces-and-tabs
  336:1   warning  'Plotly' is not defined                       no-undef
  343:10  warning  'Refresh' is defined but never used           no-unused-vars

✖ 64 problems (0 errors, 64 warnings)

